---
source: ratatui-app/tests/render_snapshots.rs
expression: rendered
snapshot_kind: text
---
                                                                                
                 ╭────alice ────╮ ╭─────bob ─────╮             ╭Game Log─────╮
                 │╭─╮╭─╮╭─╮╭─╮╭─╮│ │╭─╮╭─╮╭─╮╭─╮╭─╮│             │             │
                 ││ ││ ││ ││ ││ ││ ││ ││ ││ ││ ││ ││             │             │
                 │╰─╯╰─╯╰─╯╰─╯╰─╯│ │╰─╯╰─╯╰─╯╰─╯╰─╯│             │             │
                 │════ hints ════│ │════ hints ════│             │             │
                 │               │ │               │             │             │
                 │               │ │               │             │             │
                 │               │ │               │             │             │
                 │────── 󰦎 ──────│ │────── 󰦎 ──────│             │             │
                 │               │ │               │             │             │
                 │               │ │               │             │             │
                 │               │ │               │             │             │
                 │               │ │               │             │             │
                 │               │ │               │             │             │
                 │               │ │               │             │             │
                 │               │ │               │             │             │
                 │               │ │               │             │             │
                 │               │ │               │             │             │
                 │               │ │               │             │             │
                 ╰───────────────╯ ╰───────────────╯             │             │
                                                                 │             │
    ╭Draw Pile - Empty!─────────Board───────────────────Discards╮│             │
    ╰Stats──────────────────────────────────────────────────────╯╰─────────────│
